==============================================================================
B56 / W4 — WP68 AC2 — the INBOUND refusal   run 121050   2026-08-07 12:10:50
==============================================================================
  bundle A: sha256=d8818271c5b3e228101d6d34e531fe47e5dee852afa9071a2984261a2b9659c4  size=4692730
  bundle B: sha256=d8818271c5b3e228101d6d34e531fe47e5dee852afa9071a2984261a2b9659c4  size=4692730
  sharedFolder A = '_liveshare-test'
  sharedFolder B = '_liveshare-test'
  A: role=guest connected=True vaultId=703aa794cc73a117 build=0.6.1+e2e
  B: role=host connected=True vaultId=55a4253eb7a90dde build=0.6.1+e2e
  LIVE ROLE ASSIGNMENT: A=guest, B=host
  S57 gate: both ports ROUTED all 4 commands

  HOST = B   GUEST = A   (asked, not assumed)
  S71 — host wake-up clamp, measured now:
    A: newest on-disk log stamp is 1.6s behind wall clock
    B: newest on-disk log stamp is 1.6s behind wall clock
  fixture (created by this batch): _liveshare-test/b56-s81-115521.canvas
    B: exists=True sha256=c66b1fc1802e14a03c7767632494432d8c674184d25cc131ac10934eff540fad
    A: exists=True sha256=88b6699ce28dae24a4b312b4b3032dbff08d8e72ee70f637015b94959ced19df
  injecting into A (role=guest)

  [0] instrument control — a delivered frame that SHOULD do nothing
    create outside the shared tree (ordinary not-shared drop, not WP68)
      delivered=True entry=control-socket.dispatchEvent reason=None
      mutedAfterDispatch=False mutated=False changed=[] samples=78 frameBytes=91
      b56-wp68-121050-nowhere.md
        before exists=False size=0 sha256=… muted=False
        after  exists=False size=0 sha256=… muted=False

  [1] REFUSAL ARM — destination inside SIDECAR_DIR (WP68's predicate)
    rename _liveshare-test/b56-s81-115521.canvas -> .obsidian/liveshare/state/b56-wp68-121050-sidecar.canvas
      delivered=True entry=control-socket.dispatchEvent reason=None
      mutedAfterDispatch=False mutated=False changed=[] samples=77 frameBytes=160
      _liveshare-test/b56-s81-115521.canvas
        before exists=True size=325 sha256=88b6699ce28dae24… muted=False
        after  exists=True size=325 sha256=88b6699ce28dae24… muted=False
      .obsidian/liveshare/state/b56-wp68-121050-sidecar.canvas
        before exists=False size=0 sha256=… muted=False
        after  exists=False size=0 sha256=… muted=False

  [2] ADMITTED CONTROL — the same op with a non-sidecar destination
    rename _liveshare-test/b56-s81-115521.canvas -> _liveshare-test/b56-wp68-121050-moved.canvas
      delivered=True entry=control-socket.dispatchEvent reason=None
      mutedAfterDispatch=True mutated=True changed=['_liveshare-test/b56-s81-115521.canvas', '_liveshare-test/b56-wp68-121050-moved.canvas'] samples=78 frameBytes=148
      _liveshare-test/b56-s81-115521.canvas
        before exists=True size=325 sha256=88b6699ce28dae24… muted=False
        after  exists=False size=0 sha256=… muted=False
      _liveshare-test/b56-wp68-121050-moved.canvas
        before exists=False size=0 sha256=… muted=False
        after  exists=True size=325 sha256=88b6699ce28dae24… muted=False
      on-disk confirmation after 0.0s: dest_exists=True src_exists=False
      restored: fixture exists=True

  [3] SCOPE PROBE — `.obsidian/plugins/live-share/`, the directory that
      holds this vault's data.json and main.js. NOT under SIDECAR_DIR, so
      WP68's predicate does not test it. Destination filename is unique to
      this run and collides with nothing.
    rename _liveshare-test/b56-s81-115521.canvas -> .obsidian/plugins/live-share/b56-wp68-121050-probe.canvas
      delivered=True entry=control-socket.dispatchEvent reason=None
      mutedAfterDispatch=True mutated=True changed=['_liveshare-test/b56-s81-115521.canvas', '.obsidian/plugins/live-share/b56-wp68-121050-probe.canvas'] samples=78 frameBytes=161
      _liveshare-test/b56-s81-115521.canvas
        before exists=True size=325 sha256=88b6699ce28dae24… muted=False
        after  exists=False size=0 sha256=… muted=False
      .obsidian/plugins/live-share/b56-wp68-121050-probe.canvas
        before exists=False size=0 sha256=… muted=False
        after  exists=True size=325 sha256=88b6699ce28dae24… muted=False
      on-disk after 0.0s: probe_exists=True src_exists=False

  ---- cleanup ----
    moved .obsidian/plugins/live-share/b56-wp68-121050-probe.canvas back to _liveshare-test/b56-s81-115521.canvas
    fixture restored: True sha256=88b6699ce28dae24a4b312b4b3032dbff08d8e72ee70f637015b94959ced19df

  wp68-inbound  flush_proven=True waited=5.0s
    [A] 2 lines  W=1786097461.650  W-t_end=+3.9s  sink_failed=False
    [B] 1 lines  W=1786097461.639  W-t_end=+3.9s  sink_failed=False
    control 'AWARENESS GAP:'         history_hits=1411   matcher_ok=True
    control 'CANVAS WRITER:'         history_hits=2018   matcher_ok=True
    control 'CAPTURE DECLINED:'      history_hits=127    matcher_ok=True
    control 'INGEST REJECTED'        history_hits=7      matcher_ok=True
    control 'MUTE OVERRUN:'          history_hits=0      matcher_ok=True
    control 'SEED REFUSAL STORE:'    history_hits=16     matcher_ok=True
    control 'SEED REFUSED:'          history_hits=5      matcher_ok=True
    control 'SEED RESTORED:'         history_hits=1      matcher_ok=True
    control 'local modify '          history_hits=1569   matcher_ok=True
    control 'refused remote rename'  history_hits=1      matcher_ok=True
  'refused remote rename' lines on A in the window: 1
    2026-08-07T10:10:52.890Z [WARN] [file-op] refused remote rename touching the sidecar directory (2 paths)

  RULE 15 — every signature, with the control that proves it can match.
  TOOL: Python `substring in line` over the plugin's own debug log; every
        pattern is a LITERAL (no regex, no metacharacter).
    'CANVAS WRITER:'           window_hits=0     verdict=ABSENT             history_hits=2018   matcher_ok=True
    'CAPTURE DECLINED:'        window_hits=0     verdict=ABSENT             history_hits=127    matcher_ok=True
    'local modify '            window_hits=0     verdict=ABSENT             history_hits=1569   matcher_ok=True
    'SEED REFUSED:'            window_hits=0     verdict=ABSENT             history_hits=5      matcher_ok=True
    'SEED RESTORED:'           window_hits=0     verdict=ABSENT             history_hits=1      matcher_ok=True
    'SEED REFUSAL STORE:'      window_hits=0     verdict=ABSENT             history_hits=16     matcher_ok=True
    'INGEST REJECTED'          window_hits=0     verdict=ABSENT             history_hits=7      matcher_ok=True
    'MUTE OVERRUN:'            window_hits=0     verdict=UNINFORMATIVE      history_hits=0      matcher_ok=True
        ^^ UNINFORMATIVE: no absence claim is admissible here.
    'AWARENESS GAP:'           window_hits=0     verdict=ABSENT             history_hits=1411   matcher_ok=True
    'refused remote rename'    window_hits=1     verdict=PRESENT            history_hits=1      matcher_ok=True

  ---- ROWS ----
    ctrl_not_shared    : REFUSED
    sidecar_dest       : REFUSED
    shared_dest        : ADMITTED
    plugin_dir_dest    : ADMITTED