==============================================================================
B56 / W4 - S81 step 3 - THE CONTROL: same session, durable entry deleted
==============================================================================
  Step 2 minus ONE thing. Same roles, same room, same absent file on the
  recorder - only its durable entry for this path is removed while the
  process is down. If the projection lands here and was withheld there,
  the durable store is the only difference and therefore the cause.
  Obsidian stopped
  A: removed [{"boundary": "host-seed", "kind": "edge", "id": "b56-s81-115521-BADEDGE", "reason": "MISSING_TO"}]
  B: removed null

  ---- RESTART both instances — S81 step 3 CONTROL ----
    | bundle: 4692730 bytes  sha256=d8818271c5b3e228…
    |   digest matches LS_EXPECT_SHA256 — this is the bundle you built
    | Obsidian not running
    | vault A: installed and verified (d8818271c5b3e228…), e2eControlPort=39431
    | vault B: installed and verified (d8818271c5b3e228…), e2eControlPort=39432
    | 
    | relaunching…
    |   vault A opened (4 processes)
    |   vault B opened (5 processes)
    | 
    | waiting for the control servers…
    |   both answering after 4s
    |     vault A: vaultId=703aa794cc73a117 role=guest
    |     vault B: vaultId=55a4253eb7a90dde role=host
    | 
    | REMOTE CONTROL IS LIVE.
  both connected after 0.0s — roles now A=guest, B=host
==============================================================================
B56 / W4 — S81 step 3 - the control   run 120756   2026-08-07 12:08:29
==============================================================================
  bundle A: sha256=d8818271c5b3e228101d6d34e531fe47e5dee852afa9071a2984261a2b9659c4  size=4692730
  bundle B: sha256=d8818271c5b3e228101d6d34e531fe47e5dee852afa9071a2984261a2b9659c4  size=4692730
  sharedFolder A = '_liveshare-test'
  sharedFolder B = '_liveshare-test'
  A: role=guest connected=True vaultId=703aa794cc73a117 build=0.6.1+e2e
  B: role=host connected=True vaultId=55a4253eb7a90dde build=0.6.1+e2e
  LIVE ROLE ASSIGNMENT: A=guest, B=host
  S57 gate: both ports ROUTED all 4 commands
  HOST = B   GUEST = A   (asked, not assumed)
  S71 — host wake-up clamp, measured now:
    A: newest on-disk log stamp is 11.6s behind wall clock
    B: newest on-disk log stamp is 4.0s behind wall clock

  ---- THE CONTROL'S LINES on A ----
    restored N standing : 1
    SEED REFUSED        : 2
    CANVAS WRITER       : 4
        2026-08-07T10:02:33.913Z [INFO] [canvas] CANVAS WRITER: _liveshare-test/b56-s81-115521.canvas owner=CanvasPersistence attached (coldOpen=doc-wins)
        2026-08-07T10:05:23.648Z [INFO] [canvas] CANVAS WRITER: _liveshare-test/b56-s81-115521.canvas owner=CanvasPersistence attached (coldOpen=doc-wins)
        2026-08-07T10:08:17.614Z [DEBUG] [canvas-persistence] CANVAS WRITER: _liveshare-test/b56-s81-115521.canvas owner=CanvasPersistence nodes=2 edges=0
        2026-08-07T10:08:17.615Z [INFO] [canvas] CANVAS WRITER: _liveshare-test/b56-s81-115521.canvas owner=CanvasPersistence attached (coldOpen=doc-wins)

  RULE 15 — every signature, with the control that proves it can match.
  TOOL: Python `substring in line` over the plugin's own debug log; every
        pattern is a LITERAL (no regex, no metacharacter).
    'CANVAS WRITER:'           window_hits=0     verdict=ABSENT             history_hits=2018   matcher_ok=True
    'CAPTURE DECLINED:'        window_hits=0     verdict=ABSENT             history_hits=127    matcher_ok=True
    'local modify '            window_hits=0     verdict=ABSENT             history_hits=1569   matcher_ok=True
    'SEED REFUSED:'            window_hits=0     verdict=ABSENT             history_hits=5      matcher_ok=True
    'SEED RESTORED:'           window_hits=0     verdict=ABSENT             history_hits=1      matcher_ok=True
    'SEED REFUSAL STORE:'      window_hits=0     verdict=ABSENT             history_hits=16     matcher_ok=True
    'INGEST REJECTED'          window_hits=0     verdict=ABSENT             history_hits=7      matcher_ok=True
    'MUTE OVERRUN:'            window_hits=0     verdict=UNINFORMATIVE      history_hits=0      matcher_ok=True
        ^^ UNINFORMATIVE: no absence claim is admissible here.
    'AWARENESS GAP:'           window_hits=0     verdict=ABSENT             history_hits=1411   matcher_ok=True
    'refused remote rename'    window_hits=0     verdict=UNINFORMATIVE      history_hits=0      matcher_ok=True
        ^^ UNINFORMATIVE: no absence claim is admissible here.
  A file after: {"exists": true, "sha256": "88b6699ce28dae24a4b312b4b3032dbff08d8e72ee70f637015b94959ced19df", "nodes": ["b56-s81-115521-N1", "b56-s81-115521-N2"], "edges": [], "bad_edge_on_disk": false}
  B file after: {"exists": true, "sha256": "c66b1fc1802e14a03c7767632494432d8c674184d25cc131ac10934eff540fad", "nodes": ["b56-s81-115521-N1", "b56-s81-115521-N2"], "edges": ["b56-s81-115521-BADEDGE"], "bad_edge_on_disk": true}

  STEP 3 (CONTROL) VERDICT: projection_landed=True  restored_branch_fired=True