==============================================================================
B56 / W4 — S81 phase 1 — the guest records   run 114550   2026-08-07 11:45:50
==============================================================================
  bundle A: sha256=d8818271c5b3e228101d6d34e531fe47e5dee852afa9071a2984261a2b9659c4  size=4692730
  bundle B: sha256=d8818271c5b3e228101d6d34e531fe47e5dee852afa9071a2984261a2b9659c4  size=4692730
  sharedFolder A = '_liveshare-test'
  sharedFolder B = '_liveshare-test'
  A: role=host connected=True vaultId=703aa794cc73a117 build=0.6.1+e2e
  B: role=guest connected=True vaultId=55a4253eb7a90dde build=0.6.1+e2e
  LIVE ROLE ASSIGNMENT: A=host, B=guest
  S57 gate: both ports ROUTED all 4 commands

  GUEST = B  (port 39432)   HOST = A  (port 39431)
  board under test: _liveshare-test/b56-s81-114550.canvas   — created ON THE GUEST, which is the whole
  design: a brand-new path has no doc, so the guest's cold open takes the
  SEED branch and the guest's own ledger is filled. No host seed is used.
  S71 — host wake-up clamp, measured now:
    A: newest on-disk log stamp is 5.5s behind wall clock
    B: newest on-disk log stamp is 3.8s behind wall clock

  guest store BEFORE: {"version": 1, "paths": {}}
  wrote the malformed board to B:_liveshare-test/b56-s81-114550.canvas
      !! WAIT TIMED OUT after 90.0s waiting for: the guest's doc holds the two valid nodes and NOT the bad edge
  guest doc after 90.0s: nodes=[] edges=[]
      !! WAIT TIMED OUT after 90.0s waiting for: the guest's durable store holds an entry for this path
  guest store entry after 90.0s: null
      !! WAIT TIMED OUT after 90.0s waiting for: the host replicated the board
  host has the file after 90.0s: False

  s81-phase1  flush_proven=True waited=48.9s
    [A] 39 lines  W=1786096228.575  W-t_end=+7.8s  sink_failed=False
    [B] 32 lines  W=1786096228.584  W-t_end=+7.8s  sink_failed=False
    control 'AWARENESS GAP:'         history_hits=1403   matcher_ok=True
    control 'CANVAS WRITER:'         history_hits=2004   matcher_ok=True
    control 'CAPTURE DECLINED:'      history_hits=121    matcher_ok=True
    control 'INGEST REJECTED'        history_hits=4      matcher_ok=True
    control 'MUTE OVERRUN:'          history_hits=0      matcher_ok=True
    control 'SEED REFUSAL STORE:'    history_hits=12     matcher_ok=True
    control 'SEED REFUSED:'          history_hits=3      matcher_ok=True
    control 'SEED RESTORED:'         history_hits=1      matcher_ok=True
    control 'local modify '          history_hits=1561   matcher_ok=True
    control 'refused remote rename'  history_hits=0      matcher_ok=True

  RULE 15 — every signature, with the control that proves it can match.
  TOOL: Python `substring in line` over the plugin's own debug log; every
        pattern is a LITERAL (no regex, no metacharacter).
    'CANVAS WRITER:'           window_hits=0     verdict=ABSENT             history_hits=2004   matcher_ok=True
    'CAPTURE DECLINED:'        window_hits=0     verdict=ABSENT             history_hits=121    matcher_ok=True
    'local modify '            window_hits=0     verdict=ABSENT             history_hits=1561   matcher_ok=True
    'SEED REFUSED:'            window_hits=0     verdict=ABSENT             history_hits=3      matcher_ok=True
    'SEED RESTORED:'           window_hits=0     verdict=ABSENT             history_hits=1      matcher_ok=True
    'SEED REFUSAL STORE:'      window_hits=0     verdict=ABSENT             history_hits=12     matcher_ok=True
    'INGEST REJECTED'          window_hits=0     verdict=ABSENT             history_hits=4      matcher_ok=True
    'MUTE OVERRUN:'            window_hits=0     verdict=UNINFORMATIVE      history_hits=0      matcher_ok=True
        ^^ UNINFORMATIVE: no absence claim is admissible here.
    'AWARENESS GAP:'           window_hits=0     verdict=ABSENT             history_hits=1403   matcher_ok=True
    'refused remote rename'    window_hits=0     verdict=UNINFORMATIVE      history_hits=0      matcher_ok=True
        ^^ UNINFORMATIVE: no absence claim is admissible here.

  lines the guest emitted in the window that name this board:
  A file: {"exists": false, "sha256": null, "nodes": [], "edges": [], "bad_edge_on_disk": false}
  B file: {"exists": true, "sha256": "1ba2cd2f44d44575ff504fbcfd99c5309ef5265b9ac8678d745f17f6a1c44de6", "nodes": ["b56-s81-114550-N1", "b56-s81-114550-N2"], "edges": ["b56-s81-114550-BADEDGE"], "bad_edge_on_disk": true}

  PHASE 1: store_entry_recorded=False  doc_refused_the_edge=False  bad_edge_on_guest_disk=True