==============================================================================
B56 / W4 — WP93 §7b — the two live arms   run 121331   2026-08-07 12:13:31
==============================================================================
  bundle A: sha256=d8818271c5b3e228101d6d34e531fe47e5dee852afa9071a2984261a2b9659c4  size=4692730
  bundle B: sha256=d8818271c5b3e228101d6d34e531fe47e5dee852afa9071a2984261a2b9659c4  size=4692730
  sharedFolder A = '_liveshare-test'
  sharedFolder B = '_liveshare-test'
  A: role=guest connected=True vaultId=703aa794cc73a117 build=0.6.1+e2e
  B: role=host connected=True vaultId=55a4253eb7a90dde build=0.6.1+e2e
  LIVE ROLE ASSIGNMENT: A=guest, B=host
  S57 gate: both ports ROUTED all 3 commands
  HOST = B   GUEST = A   (asked, not assumed)
  S71 — host wake-up clamp, measured now:
    A: newest on-disk log stamp is 0.6s behind wall clock
    B: newest on-disk log stamp is 0.6s behind wall clock

==============================================================================
  AC5 — the four remote ops on A, local user IDLE
==============================================================================
    remote create          delivered=True mute_taken=True mutated=True
                           after isPathMuted={'_liveshare-test/b56-wp93-121331-a.md': False}  stranded=none
                           peer tree delta=none
    remote binary modify   delivered=True mute_taken=True mutated=True
                           after isPathMuted={'_liveshare-test/b56-wp93-121331-a.md': False}  stranded=none
                           peer tree delta=none
    remote rename          delivered=True mute_taken=True mutated=True
                           after isPathMuted={'_liveshare-test/b56-wp93-121331-a.md': False, '_liveshare-test/b56-wp93-121331-b.md': False}  stranded=none
                           peer tree delta=none
    remote delete          delivered=True mute_taken=True mutated=True
                           after isPathMuted={'_liveshare-test/b56-wp93-121331-b.md': False}  stranded=none
                           peer tree delta=none

==============================================================================
  AC5 — the four remote ops on B, local user IDLE
==============================================================================
    remote create          delivered=True mute_taken=True mutated=True
                           after isPathMuted={'_liveshare-test/b56-wp93-121331-a.md': False}  stranded=none
                           peer tree delta=['b56-wp93-121331-a.md']
    remote binary modify   delivered=True mute_taken=True mutated=True
                           after isPathMuted={'_liveshare-test/b56-wp93-121331-a.md': False}  stranded=none
                           peer tree delta=none
    remote rename          delivered=True mute_taken=True mutated=True
                           after isPathMuted={'_liveshare-test/b56-wp93-121331-a.md': False, '_liveshare-test/b56-wp93-121331-b.md': False}  stranded=none
                           peer tree delta=['b56-wp93-121331-b.md', 'b56-wp93-121331-a.md']
    remote delete          delivered=True mute_taken=True mutated=True
                           after isPathMuted={'_liveshare-test/b56-wp93-121331-b.md': False}  stranded=none
                           peer tree delta=['b56-wp93-121331-b.md']

==============================================================================
  AC4 — the live overrun counter (load=True, window=90s)
==============================================================================
    spawning 16 busy processes for CPU contention
    drove 4 mute-taking ops over 91.0s

  wp93-ac4  flush_proven=True waited=9.1s
    [A] 16 lines  W=1786097726.011  W-t_end=+8.4s  sink_failed=False
    [B] 11 lines  W=1786097726.029  W-t_end=+8.4s  sink_failed=False
    control 'AWARENESS GAP:'         history_hits=1412   matcher_ok=True
    control 'CANVAS WRITER:'         history_hits=2018   matcher_ok=True
    control 'CAPTURE DECLINED:'      history_hits=127    matcher_ok=True
    control 'INGEST REJECTED'        history_hits=7      matcher_ok=True
    control 'MUTE OVERRUN:'          history_hits=0      matcher_ok=True
    control 'SEED REFUSAL STORE:'    history_hits=16     matcher_ok=True
    control 'SEED REFUSED:'          history_hits=5      matcher_ok=True
    control 'SEED RESTORED:'         history_hits=1      matcher_ok=True
    control 'local modify '          history_hits=1569   matcher_ok=True
    control 'refused remote rename'  history_hits=1      matcher_ok=True
    'MUTE OVERRUN:' in the window: 0
    pulse-gap telltale: 16 pulses in window, worst=19001ms, pulses in the 40-70 s clamp band=0
    'AWARENESS GAP:' lines in the window: 1

  RULE 15 — every signature, with the control that proves it can match.
  TOOL: Python `substring in line` over the plugin's own debug log; every
        pattern is a LITERAL (no regex, no metacharacter).
    'CANVAS WRITER:'           window_hits=0     verdict=ABSENT             history_hits=2018   matcher_ok=True
    'CAPTURE DECLINED:'        window_hits=0     verdict=ABSENT             history_hits=127    matcher_ok=True
    'local modify '            window_hits=0     verdict=ABSENT             history_hits=1569   matcher_ok=True
    'SEED REFUSED:'            window_hits=0     verdict=ABSENT             history_hits=5      matcher_ok=True
    'SEED RESTORED:'           window_hits=0     verdict=ABSENT             history_hits=1      matcher_ok=True
    'SEED REFUSAL STORE:'      window_hits=0     verdict=ABSENT             history_hits=16     matcher_ok=True
    'INGEST REJECTED'          window_hits=0     verdict=ABSENT             history_hits=7      matcher_ok=True
    'MUTE OVERRUN:'            window_hits=0     verdict=UNINFORMATIVE      history_hits=0      matcher_ok=True
        ^^ UNINFORMATIVE: no absence claim is admissible here.
    'AWARENESS GAP:'           window_hits=1     verdict=PRESENT            history_hits=1412   matcher_ok=True
    'refused remote rename'    window_hits=0     verdict=ABSENT             history_hits=1      matcher_ok=True

  ---- shared trees, before vs after this arm ----
    A: added=[] removed=[] changed=[]
    B: added=[] removed=[] changed=[]