==============================================================================
B56 / W4 — S79 + S84   run 121709   2026-08-07 12:17:09
==============================================================================
  bundle A: sha256=d8818271c5b3e228101d6d34e531fe47e5dee852afa9071a2984261a2b9659c4  size=4692730
  bundle B: sha256=d8818271c5b3e228101d6d34e531fe47e5dee852afa9071a2984261a2b9659c4  size=4692730
  sharedFolder A = '_liveshare-test'
  sharedFolder B = '_liveshare-test'
  A: role=guest connected=True vaultId=703aa794cc73a117 build=0.6.1+e2e
  B: role=host connected=True vaultId=55a4253eb7a90dde build=0.6.1+e2e
  LIVE ROLE ASSIGNMENT: A=guest, B=host
  S57 gate: both ports ROUTED all 4 commands
  HOST = B   GUEST = A   (asked, not assumed)
  S71 — host wake-up clamp, measured now:
    A: newest on-disk log stamp is 8.6s behind wall clock
    B: newest on-disk log stamp is 16.6s behind wall clock

==============================================================================
  S79 — a shared file leaves the shared tree on A
==============================================================================

  [vault_root] _liveshare-test/b56-s79-121709-vault_root.canvas -> b56-s79-121709-root.canvas
      !! WAIT TIMED OUT after 60.0s waiting for: the peer B replicates _liveshare-test/b56-s79-121709-vault_root.canvas
    fixture created=True  peer has it after 60.0s: False
    !! fixture not established on both sides — row SKIPPED, not scored

  [sidecar] _liveshare-test/b56-s79-121709-sidecar.canvas -> .obsidian/liveshare/state/b56-s79-121709-sc.canvas
      !! WAIT TIMED OUT after 60.0s waiting for: the peer B replicates _liveshare-test/b56-s79-121709-sidecar.canvas
    fixture created=True  peer has it after 60.0s: False
    !! fixture not established on both sides — row SKIPPED, not scored

  [inside_tree] _liveshare-test/b56-s79-121709-inside_tree.canvas -> _liveshare-test/b56-s79-121709-moved.canvas
      !! WAIT TIMED OUT after 60.0s waiting for: the peer B replicates _liveshare-test/b56-s79-121709-inside_tree.canvas
    fixture created=True  peer has it after 60.0s: False
    !! fixture not established on both sides — row SKIPPED, not scored

==============================================================================
  S84 — the closed-board deletion ladder on A (PRE-WP94 profile)
==============================================================================
  board state on A: hasAdapter=False hasWriter=False adapterAvailable=False
  (hasAdapter=True means a LEAF IS OPEN on this board — the arm reports
   which regime it measured rather than assuming the board is closed.)
      !! WAIT TIMED OUT after 45.0s waiting for: the ADDITION of b56-121709-s84-add-03 reaches A's OWN doc
    delta=0.3  ADD     captured_in_writer_doc=False after=45.0s  present_in_peer_doc=False
      !! WAIT TIMED OUT after 60.0s waiting for: b56-121709-s84-delete-03 reaches BOTH docs before it is deleted
    delta=0.3 DELETE: PRECONDITION FAILED (b56-121709-s84-delete-03 never reached both docs) — INVALID, not scored
      !! WAIT TIMED OUT after 45.0s waiting for: the ADDITION of b56-121709-s84-add-10 reaches A's OWN doc
    delta=1.0  ADD     captured_in_writer_doc=False after=45.0s  present_in_peer_doc=False
      !! WAIT TIMED OUT after 60.0s waiting for: b56-121709-s84-delete-10 reaches BOTH docs before it is deleted
    delta=1.0 DELETE: PRECONDITION FAILED (b56-121709-s84-delete-10 never reached both docs) — INVALID, not scored
      !! WAIT TIMED OUT after 45.0s waiting for: the ADDITION of b56-121709-s84-add-20 reaches A's OWN doc
    delta=2.0  ADD     captured_in_writer_doc=False after=45.0s  present_in_peer_doc=False
      !! WAIT TIMED OUT after 60.0s waiting for: b56-121709-s84-delete-20 reaches BOTH docs before it is deleted
    delta=2.0 DELETE: PRECONDITION FAILED (b56-121709-s84-delete-20 never reached both docs) — INVALID, not scored

  ---- teardown of the ladder board ----
  teardown: both docs are free of this arm's nodes

  ---- shared trees, before vs after ----
    A: added=['b56-s79-121709-inside_tree.canvas', 'b56-s79-121709-sidecar.canvas', 'b56-s79-121709-vault_root.canvas'] removed=[]
    B: added=[] removed=[]