==============================================================================
B56 / W4 — S84 re-run (corrected precondition)   run 123328   2026-08-07 12:33:28
==============================================================================
  bundle A: sha256=d8818271c5b3e228101d6d34e531fe47e5dee852afa9071a2984261a2b9659c4  size=4692730
  bundle B: sha256=d8818271c5b3e228101d6d34e531fe47e5dee852afa9071a2984261a2b9659c4  size=4692730
  sharedFolder A = '_liveshare-test'
  sharedFolder B = '_liveshare-test'
  A: role=guest connected=True vaultId=703aa794cc73a117 build=0.6.1+e2e
  B: role=host connected=True vaultId=55a4253eb7a90dde build=0.6.1+e2e
  LIVE ROLE ASSIGNMENT: A=guest, B=host
  S57 gate: both ports ROUTED all 4 commands
  HOST = B   GUEST = A

==============================================================================
  S84 — the closed-board deletion ladder on B (PRE-WP94 profile)
==============================================================================
  board state on B: hasAdapter=False hasWriter=False adapterAvailable=False
  (hasAdapter=True means a LEAF IS OPEN on this board — the arm reports
   which regime it measured rather than assuming the board is closed.)
    delta=0.3  ADD     captured_in_writer_doc=True after=0.0s  present_in_peer_doc=False
      !! WAIT TIMED OUT after 45.0s waiting for: the DELETION of b56-123328-s84-delete-03 reaches B's OWN doc
    delta=0.3  DELETE  captured_in_writer_doc=False after=45.0s  present_in_peer_doc=False
    delta=1.0  ADD     captured_in_writer_doc=True after=0.2s  present_in_peer_doc=False
      !! WAIT TIMED OUT after 45.0s waiting for: the DELETION of b56-123328-s84-delete-10 reaches B's OWN doc
    delta=1.0  DELETE  captured_in_writer_doc=False after=45.0s  present_in_peer_doc=False
    delta=2.0  ADD     captured_in_writer_doc=True after=0.2s  present_in_peer_doc=False
      !! WAIT TIMED OUT after 45.0s waiting for: the DELETION of b56-123328-s84-delete-20 reaches B's OWN doc
    delta=2.0  DELETE  captured_in_writer_doc=False after=45.0s  present_in_peer_doc=False

  ---- teardown of the ladder board ----
      !! WAIT TIMED OUT after 20.0s waiting for: both replicas free of every node this arm added
      !! WAIT TIMED OUT after 20.0s waiting for: both replicas free of every node this arm added
      !! WAIT TIMED OUT after 20.0s waiting for: both replicas free of every node this arm added
      !! WAIT TIMED OUT after 20.0s waiting for: both replicas free of every node this arm added
      !! WAIT TIMED OUT after 20.0s waiting for: both replicas free of every node this arm added
      !! WAIT TIMED OUT after 20.0s waiting for: both replicas free of every node this arm added
  teardown INCOMPLETE — {'A': [], 'B': ['b56-123328-s84-add-03', 'b56-123328-s84-add-10', 'b56-123328-s84-add-20', 'b56-123328-s84-delete-03', 'b56-123328-s84-delete-10', 'b56-123328-s84-delete-20']}