
=== Run 1 :: Deploy Live Share 0.7.2 to A B C test vaults retry ===
[
    {
        "Vault":  "H:\\Developement\\_NeuralAngels\\ObsidianOrga",
        "MainSHA":  "C47EF17EEC4809FA9DD864DB4069ED6AA5150467EFBEF2AB31998413486F5025",
        "ManifestSHA":  "EB9C5B975F7C759CA85A61BE5476649CD5EBCAA25A3155501C623DFF1FFBD132",
        "ManifestVersion":  "0.7.2",
        "StylesSHA":  "1BBA03E9695719ECC31549C6B7382D8BB3FDF23D97996CD753F7B1C4A516E453"
    },
    {
        "Vault":  "H:\\Developement\\_NeuralAngels\\ObsidianOrga - Kopie",
        "MainSHA":  "C47EF17EEC4809FA9DD864DB4069ED6AA5150467EFBEF2AB31998413486F5025",
        "ManifestSHA":  "EB9C5B975F7C759CA85A61BE5476649CD5EBCAA25A3155501C623DFF1FFBD132",
        "ManifestVersion":  "0.7.2",
        "StylesSHA":  "1BBA03E9695719ECC31549C6B7382D8BB3FDF23D97996CD753F7B1C4A516E453"
    },
    {
        "Vault":  "H:\\Developement\\_NeuralAngels\\ObsidianOrga - W4TestC",
        "MainSHA":  "C47EF17EEC4809FA9DD864DB4069ED6AA5150467EFBEF2AB31998413486F5025",
        "ManifestSHA":  "EB9C5B975F7C759CA85A61BE5476649CD5EBCAA25A3155501C623DFF1FFBD132",
        "ManifestVersion":  "0.7.2",
        "StylesSHA":  "1BBA03E9695719ECC31549C6B7382D8BB3FDF23D97996CD753F7B1C4A516E453"
    }
]
