
=== Run 1 :: Validate 0.7.2 metadata consistency ===
{
  "version": "0.7.2",
  "minAppVersion": "1.11.0",
  "files": [
    "plugin/package.json",
    "plugin/package-lock.json",
    "plugin/manifest.json",
    "manifest.json",
    "versions.json"
  ]
}
warning: in the working copy of 'manifest.json', LF will be replaced by CRLF the next time Git touches it
warning: in the working copy of 'plugin/manifest.json', LF will be replaced by CRLF the next time Git touches it
warning: in the working copy of 'plugin/package-lock.json', LF will be replaced by CRLF the next time Git touches it
warning: in the working copy of 'plugin/package.json', LF will be replaced by CRLF the next time Git touches it
warning: in the working copy of 'plugin/src/__tests__/v2/wp85/test_tp02_sync_canvas_presences_attach_seam.test.ts', LF will be replaced by CRLF the next time Git touches it
warning: in the working copy of 'plugin/src/main.ts', LF will be replaced by CRLF the next time Git touches it
warning: in the working copy of 'plugin/src/testing/e2e-control.ts', LF will be replaced by CRLF the next time Git touches it
warning: in the working copy of 'versions.json', LF will be replaced by CRLF the next time Git touches it
