
=== Run 1 :: Back up deployed C47 A B C bundles ===
[
    {
        "Relative":  "A\\main.js",
        "Bytes":  6006911,
        "SHA256":  "C47EF17EEC4809FA9DD864DB4069ED6AA5150467EFBEF2AB31998413486F5025"
    },
    {
        "Relative":  "A\\manifest.json",
        "Bytes":  295,
        "SHA256":  "63C1533A72C101BF72AB203E6951F80D74FAE0B734A4405B31D9855E598132E2"
    },
    {
        "Relative":  "A\\styles.css",
        "Bytes":  8788,
        "SHA256":  "1BBA03E9695719ECC31549C6B7382D8BB3FDF23D97996CD753F7B1C4A516E453"
    },
    {
        "Relative":  "B\\main.js",
        "Bytes":  6006911,
        "SHA256":  "C47EF17EEC4809FA9DD864DB4069ED6AA5150467EFBEF2AB31998413486F5025"
    },
    {
        "Relative":  "B\\manifest.json",
        "Bytes":  295,
        "SHA256":  "63C1533A72C101BF72AB203E6951F80D74FAE0B734A4405B31D9855E598132E2"
    },
    {
        "Relative":  "B\\styles.css",
        "Bytes":  8788,
        "SHA256":  "1BBA03E9695719ECC31549C6B7382D8BB3FDF23D97996CD753F7B1C4A516E453"
    },
    {
        "Relative":  "C\\main.js",
        "Bytes":  6006911,
        "SHA256":  "C47EF17EEC4809FA9DD864DB4069ED6AA5150467EFBEF2AB31998413486F5025"
    },
    {
        "Relative":  "C\\manifest.json",
        "Bytes":  295,
        "SHA256":  "63C1533A72C101BF72AB203E6951F80D74FAE0B734A4405B31D9855E598132E2"
    },
    {
        "Relative":  "C\\styles.css",
        "Bytes":  8788,
        "SHA256":  "1BBA03E9695719ECC31549C6B7382D8BB3FDF23D97996CD753F7B1C4A516E453"
    }
]
